[jdstrata.com.au/index.html]
[backblue.gif]
[fade.gif]
[index.html]
[jdstrata.com.au/wp-admin/admin-ajax.php]
[jdstrata.com.au/wp-content/uploads/2018/11/favicon.ico]
[jdstrata.com.au/wp-content/uploads/2018/11/apple-touch-icon.png]
[jdstrata.com.au/wp-content/themes/jupiter/assets/images]
[jdstrata.com.au/wp-content/themes/jupiter/assets/js]
[jdstrata.com.au/wp-content/themes/jupiter]
[jdstrata.com.au/comments/feed/index.html]
[jdstrata.com.au/feed/index.html]
[jdstrata.com.au/wp-content/themes/jupiter/assets/images/index.html]
[jdstrata.com.au/wp-includes/css/dist/block-library/style.min52c7.css]
[jdstrata.com.au/wp-content/plugins/ultimate-form-builder/css/jquery.selectboxc5c9.css]
[jdstrata.com.au/wp-content/plugins/ultimate-form-builder/css/font-awesome.minc5c9.css]
[code.jquery.com/ui/1.11.4/themes/smoothness/jquery-uic5c9.css]
[jdstrata.com.au/wp-content/themes/jupiter/assets/js/index.html]
[jdstrata.com.au/wp-content/plugins/ultimate-form-builder/css/frontendc5c9.css]
[jdstrata.com.au/wp-content/plugins/ultimate-form-builder/css/loading-animation52c7.css]
[jdstrata.com.au/wp-content/plugins/ultimate-form-builder/css/fileuploader52c7.css]
[jdstrata.com.au/wp-content/themes/jupiter/assets/stylesheet/min/full-styles.6.1.69076.css]
[jdstrata.com.au/wp-content/themes/jupiter/assets/stylesheet/fonts/star/font.eot]
[jdstrata.com.au/wp-content/themes/jupiter/assets/stylesheet/fonts/star/fontd41d.eot]
[jdstrata.com.au/wp-content/themes/jupiter/assets/stylesheet/fonts/star/font.woff]
[jdstrata.com.au/wp-content/themes/jupiter/assets/stylesheet/fonts/star/font.ttf]
[jdstrata.com.au/wp-content/themes/jupiter/assets/stylesheet/fonts/woocommerce/font.eot]
[jdstrata.com.au/wp-content/themes/jupiter/assets/stylesheet/fonts/woocommerce/fontd41d.eot]
[jdstrata.com.au/wp-content/themes/jupiter/assets/stylesheet/fonts/woocommerce/font.woff]
[jdstrata.com.au/wp-content/themes/jupiter/assets/stylesheet/fonts/woocommerce/font.ttf]
[jdstrata.com.au/wp-content/uploads/2019/02/email-icon.jpg]
[jdstrata.com.au/wp-content/themes/jupiter/header-builder/includes/assets/css/mkhb-renderc098.css]
[jdstrata.com.au/wp-content/themes/jupiter/header-builder/includes/assets/css/mkhb-rowc098.css]
[jdstrata.com.au/wp-content/themes/jupiter/header-builder/includes/assets/css/mkhb-columnc098.css]
[jdstrata.com.au/wp-content/plugins/js_composer_theme/assets/css/js_composer.min24b2.css]
[jdstrata.com.au/wp-content/uploads/mk_assets/theme-options-production-16891453433325.css]
[jdstrata.com.au/wp-content/themes/jupiter/assets/js/plugins/wp-enqueue/min/webfontloader52c7.js]
[jdstrata.com.au/wp-content/plugins/ultimate-form-builder/js/fileuploaderc5c9.js]
[jdstrata.com.au/wp-includes/js/jquery/jquery.minaf6c.js]
[jdstrata.com.au/wp-includes/js/jquery/jquery-migrate.mind617.js]
[jdstrata.com.au/wp-content/plugins/ultimate-form-builder/js/jquery.selectbox-0.2.minc5c9.js]
[jdstrata.com.au/wp-includes/js/jquery/ui/core.min0028.js]
[jdstrata.com.au/wp-includes/js/jquery/ui/mouse.min0028.js]
[jdstrata.com.au/wp-includes/js/jquery/ui/slider.min0028.js]
[jdstrata.com.au/wp-content/plugins/ultimate-form-builder/js/jquery-ui-touchpadc5c9.js]
[jdstrata.com.au/wp-includes/js/jquery/ui/datepicker.min0028.js]
[jdstrata.com.au/wp-content/plugins/ultimate-form-builder/js/frontendc5c9.js]
[jdstrata.com.au/wp-json/wp/v2/pages/15.json]
[jdstrata.com.au/wp-json/index.html]
[jdstrata.com.au/wp-includes/wlwmanifest.xml]
[jdstrata.com.au/wp-json/oembed/1.0/embedc1d4.json]
[jdstrata.com.au/wp-json/oembed/1.0/embed043e]
[jdstrata.com.au/wp-content/uploads/2018/11/jdss-logo.png]
[jdstrata.com.au/wp-content/uploads/2022/09/49555218292_7b1b8f6729_o-e1662956343755.jpg]
[jdstrata.com.au/wp-content/plugins/wp-counter-up/public/assets/img/loader.gif]
[jdstrata.com.au/about/index.html]
[jdstrata.com.au/wp-content/uploads/bfi_thumb/dummy-transparent-oabig4e42c9ppvp7a4bzrvlnahj7aped0965gpyn58.png]
[jdstrata.com.au/our-fee-structure/index.html]
[jdstrata.com.au/our-services/index.html]
[jdstrata.com.au/wp-content/uploads/2023/05/4528478-10.jpg]
[jdstrata.com.au/developer-services/index.html]
[jdstrata.com.au/wp-content/uploads/2019/01/screenshot-2023-05-12-at-5.12.53-pm.png]
[jdstrata.com.au/wp-content/uploads/2019/01/32-henry-street-01.jpg]
[jdstrata.com.au/wp-content/uploads/2019/01/34-pakenham-street-02.jpg]
[jdstrata.com.au/wp-content/uploads/2019/01/arundel-court-02.jpg]
[jdstrata.com.au/consultancy-services/index.html]
[jdstrata.com.au/request-a-quote/index.html]
[jdstrata.com.au/wp-content/uploads/2019/01/1-james-street-02.jpg]
[jdstrata.com.au/wp-content/uploads/2022/09/7henderson.jpg]
[jdstrata.com.au/wp-content/uploads/2022/09/evermore1.jpg]
[jdstrata.com.au/education/index.html]
[jdstrata.com.au/wp-content/uploads/2019/01/backshall-village-02.jpg]
[jdstrata.com.au/strata-reforms/index.html]
[jdstrata.com.au/our-services/sustainability-in-strata/index.html]
[jdstrata.com.au/wp-content/uploads/2022/09/quarry1-e1663993064224.jpg]
[jdstrata.com.au/wp-content/uploads/2019/02/9-healy-road-07.jpg]
[jdstrata.com.au/wp-content/uploads/2019/02/jdss-footer-logo.png]
[jdstrata.com.au/wp-content/uploads/2019/07/privacy-policy-20191982.pdf]
[jdstrata.com.au/emergency/index.html]
[jdstrata.com.au/wp-content/plugins/wp-counter-up-pro/public/assets/css/wp-counter-up-public.min8a54.css]
[jdstrata.com.au/contractors/index.html]
[jdstrata.com.au/wp-content/themes/jupiter/header-builder/includes/assets/js/mkhb-renderc098.js]
[jdstrata.com.au/wp-content/themes/jupiter/assets/js/min/full-scripts.6.1.63879.js]
[jdstrata.com.au/wp-content/themes/jupiter/header-builder/includes/assets/js/mkhb-columnc098.js]
[jdstrata.com.au/wp-content/plugins/js_composer_theme/assets/js/dist/js_composer_front.min24b2.js]
[jdstrata.com.au/wp-content/plugins/wp-counter-up-pro/public/assets/js/wayp/jquery.waypoints.min8a54.js]
[jdstrata.com.au/wp-content/plugins/wp-counter-up-pro/public/assets/js/counter/custom-counter.min8a54.js]
[jdstrata.com.au/wp-content/plugins/wp-counter-up-pro/public/assets/js/wp-counter-up-public8a54.js]
[jdstrata.com.au/faq/index.html]
[jdstrata.com.au/index.html]
[jdstrata.com.au/wp-admin/admin-ajax.html]
[jdstrata.com.au/our-portfolio/index.html]
[jdstrata.com.au/wp-content/themes/jupiter/assets/images/index.html]
[jdstrata.com.au/forms/index.html]
[jdstrata.com.au/proxy-form-one-off/index.html]
[jdstrata.com.au/wp-content/themes/jupiter/assets/js/index.html]
[jdstrata.com.au/proxy-form-enduring/index.html]
[jdstrata.com.au/wp-content/themes/jupiter.html]
[jdstrata.com.au/council-nomination-form/index.html]
[jdstrata.com.au/wp-includes/css/dist/block-library/style.min52c7.css]
[jdstrata.com.au/update-owner-information/index.html]
[jdstrata.com.au/request-access-fob-remote/index.html]
[jdstrata.com.au/contact/index.html]
[jdstrata.com.au/wp-content/plugins/ultimate-form-builder/images/select-icons.png]
[jdstrata.com.au/wp-content/plugins/ultimate-form-builder/css/jquery.selectboxc5c9.css]
[jdstrata.com.au/jdstrata.com.au/our-services/index.html]
[jdstrata.com.au/sustainability-greenfleet-partnership/index.html]
[jdstrata.com.au/portfolio-posts/56-pakenham-street/index.html]
[jdstrata.com.au/portfolio-posts/heirloom/index.html]
[jdstrata.com.au/wp-content/plugins/ultimate-form-builder/fonts/fontawesome-webfont5b62.eot]
[jdstrata.com.au/wp-content/plugins/ultimate-form-builder/fonts/fontawesome-webfontd41d.eot]
[jdstrata.com.au/portfolio-posts/32-henry-street/index.html]
[jdstrata.com.au/portfolio-posts/34-pakenham-street/index.html]
[jdstrata.com.au/wp-content/plugins/ultimate-form-builder/fonts/fontawesome-webfont5b62.woff2]
[jdstrata.com.au/portfolio-posts/arundel-court/index.html]
[jdstrata.com.au/wp-content/plugins/ultimate-form-builder/fonts/fontawesome-webfont5b62.woff]
[jdstrata.com.au/wp-content/plugins/ultimate-form-builder/fonts/fontawesome-webfont5b62.ttf]
[jdstrata.com.au/wp-content/plugins/ultimate-form-builder/css/font-awesome.minc5c9.css]
[jdstrata.com.au/portfolio-posts/1-james-street/index.html]
[jdstrata.com.au/portfolio-posts/733/index.html]
[code.jquery.com/ui/1.11.4/themes/smoothness/images/ui-bg_flat_75_ffffff_40x100.png]
[jdstrata.com.au/portfolio-posts/evermore/index.html]
[jdstrata.com.au/portfolio-posts/backshall-village/index.html]
[code.jquery.com/ui/1.11.4/themes/smoothness/images/ui-bg_highlight-soft_75_cccccc_1x100.png]
[jdstrata.com.au/portfolio-posts/10-quarry-street/index.html]
[code.jquery.com/ui/1.11.4/themes/smoothness/images/ui-bg_glass_75_e6e6e6_1x400.png]
[jdstrata.com.au/portfolio-posts/9-healy-road/index.html]
[code.jquery.com/ui/1.11.4/themes/smoothness/images/ui-bg_glass_75_dadada_1x400.png]
[code.jquery.com/ui/1.11.4/themes/smoothness/images/ui-bg_glass_65_ffffff_1x400.png]
[code.jquery.com/ui/1.11.4/themes/smoothness/images/ui-bg_glass_55_fbf9ee_1x400.png]
[code.jquery.com/ui/1.11.4/themes/smoothness/images/ui-bg_glass_95_fef1ec_1x400.png]
[jdstrata.com.au/asbestos-survey/index.html]
[code.jquery.com/ui/1.11.4/themes/smoothness/images/ui-icons_222222_256x240.png]
[code.jquery.com/ui/1.11.4/themes/smoothness/images/ui-icons_888888_256x240.png]
[code.jquery.com/ui/1.11.4/themes/smoothness/images/ui-icons_454545_256x240.png]
[code.jquery.com/ui/1.11.4/themes/smoothness/images/ui-icons_2e83ff_256x240.png]
[code.jquery.com/ui/1.11.4/themes/smoothness/images/ui-icons_cd0a0a_256x240.png]
[code.jquery.com/ui/1.11.4/themes/smoothness/images/ui-bg_flat_0_aaaaaa_40x100.png]
[code.jquery.com/ui/1.11.4/themes/smoothness/jquery-uic5c9.css]
[jdstrata.com.au/wp-content/plugins/ultimate-form-builder/images/ajax-loader.gif]
[jdstrata.com.au/wp-content/plugins/ultimate-form-builder/images/date-icon.png]
[jdstrata.com.au/wp-content/plugins/ultimate-form-builder/images/uncheck-radio.png]
[jdstrata.com.au/wp-content/plugins/ultimate-form-builder/images/checked-radio.png]
[jdstrata.com.au/wp-content/plugins/ultimate-form-builder/images/check-box-checked.png]
[jdstrata.com.au/wp-content/plugins/ultimate-form-builder/images/check-box.png]
[jdstrata.com.au/wp-content/plugins/ultimate-form-builder/images/mail.png]
[jdstrata.com.au/wp-content/plugins/ultimate-form-builder/images/option-angle.png]
[jdstrata.com.au/wp-content/plugins/ultimate-form-builder/images/range-bg.png]
[jdstrata.com.au/wp-content/plugins/ultimate-form-builder/images/uncheck-radio-bold-border.png]
[jdstrata.com.au/wp-content/plugins/ultimate-form-builder/images/checked-radio-bold-border.png]
[jdstrata.com.au/wp-content/plugins/ultimate-form-builder/images/check-box-checked-bold-border.png]
[jdstrata.com.au/wp-content/plugins/ultimate-form-builder/images/check-box-bod-border.png]
[jdstrata.com.au/wp-content/plugins/ultimate-form-builder/images/date-icon-5.png]
[jdstrata.com.au/wp-content/plugins/ultimate-form-builder/images/uncheck-radio-5.png]
[jdstrata.com.au/wp-content/plugins/ultimate-form-builder/images/checked-radio-5.png]
[jdstrata.com.au/wp-content/plugins/ultimate-form-builder/images/check-box-check-5.png]
[jdstrata.com.au/wp-content/plugins/ultimate-form-builder/images/check-box-5.png]
[jdstrata.com.au/wp-content/plugins/ultimate-form-builder/images/range-bg-5.png]
[jdstrata.com.au/wp-content/plugins/ultimate-form-builder/images/sprit-image-5.png]
[jdstrata.com.au/wp-content/plugins/ultimate-form-builder/images/email-bg-icon.png]
[jdstrata.com.au/wp-content/plugins/ultimate-form-builder/images/password-bg.png]
[jdstrata.com.au/wp-content/plugins/ultimate-form-builder/images/date-icon-6.png]
[jdstrata.com.au/wp-content/plugins/ultimate-form-builder/images/url-6.png]
[jdstrata.com.au/wp-content/plugins/ultimate-form-builder/images/uncheck-radio-7.png]
[jdstrata.com.au/wp-content/plugins/ultimate-form-builder/images/checked-radio-7.png]
[jdstrata.com.au/wp-content/plugins/ultimate-form-builder/images/check-box-checked-7.png]
[jdstrata.com.au/wp-content/plugins/ultimate-form-builder/images/check-box-7.png]
[jdstrata.com.au/wp-content/plugins/ultimate-form-builder/images/mail7.png]
[jdstrata.com.au/wp-content/plugins/ultimate-form-builder/images/date-icon-7.png]
[jdstrata.com.au/wp-content/plugins/ultimate-form-builder/images/range-bg-7.png]
[jdstrata.com.au/wp-content/plugins/ultimate-form-builder/images/mail-8.png]
[jdstrata.com.au/wp-content/plugins/ultimate-form-builder/images/uncheck-radio-8.png]
[jdstrata.com.au/wp-content/plugins/ultimate-form-builder/images/checked-radio-8.png]
[jdstrata.com.au/wp-content/plugins/ultimate-form-builder/images/check-box-checked-8.png]
[jdstrata.com.au/wp-content/plugins/ultimate-form-builder/images/check-box-8.png]
[jdstrata.com.au/wp-content/plugins/ultimate-form-builder/images/range-bg-8.png]
[jdstrata.com.au/wp-content/plugins/ultimate-form-builder/images/uncheck-radio-9.png]
[jdstrata.com.au/wp-content/plugins/ultimate-form-builder/images/checked-radio-9.png]
[jdstrata.com.au/wp-content/plugins/ultimate-form-builder/images/check-box-checked-9.png]
[jdstrata.com.au/wp-content/plugins/ultimate-form-builder/images/check-box-9.png]
[jdstrata.com.au/wp-content/plugins/ultimate-form-builder/images/mail-9.png]
[jdstrata.com.au/wp-content/plugins/ultimate-form-builder/images/date-icon-9.png]
[jdstrata.com.au/wp-content/plugins/ultimate-form-builder/images/range-bg-9.png]
[jdstrata.com.au/wp-content/plugins/ultimate-form-builder/images/uncheck-radio-10.png]
[jdstrata.com.au/wp-content/plugins/ultimate-form-builder/images/checked-radio-10.png]
[jdstrata.com.au/wp-content/plugins/ultimate-form-builder/images/check-box-checked-10.png]
[jdstrata.com.au/wp-content/plugins/ultimate-form-builder/images/check-box-10.png]
[jdstrata.com.au/wp-content/plugins/ultimate-form-builder/images/mail-10.png]
[jdstrata.com.au/wp-content/plugins/ultimate-form-builder/images/date-icon-10.png]
[jdstrata.com.au/wp-content/plugins/ultimate-form-builder/images/range-bg-10.png]
[jdstrata.com.au/wp-content/plugins/ultimate-form-builder/css/frontendc5c9.css]
[jdstrata.com.au/wp-content/plugins/ultimate-form-builder/css/loading-animation52c7.css]
[jdstrata.com.au/wp-content/plugins/ultimate-form-builder/images/loading.gif]
[jdstrata.com.au/wp-content/plugins/ultimate-form-builder/css/fileuploader52c7.css]
[jdstrata.com.au/wp-content/themes/jupiter/assets/images/pre_code.gif]
[jdstrata.com.au/wp-content/themes/jupiter/assets/images/selectbox-arrow.png]
[jdstrata.com.au/wp-content/themes/jupiter/images/social-icons/twitter-blue.svg]
[jdstrata.com.au/wp-content/themes/jupiter/assets/images/fancybox/fancybox_sprite.png]
[jdstrata.com.au/wp-content/themes/jupiter/assets/images/fancybox/fancybox_loading.gif]
[jdstrata.com.au/wp-content/themes/jupiter/assets/images/fancybox/blank.gif]
[jdstrata.com.au/wp-content/themes/jupiter/assets/images/fancybox/fancybox_overlay.png]
[jdstrata.com.au/wp-content/themes/jupiter/assets/images/fancy-title-pattern.png]
[jdstrata.com.au/wp-content/themes/jupiter/assets/stylesheet/add-icon.svg]
[jdstrata.com.au/wp-content/themes/jupiter/assets/stylesheet/pin-icon.png]
[jdstrata.com.au/wp-content/themes/jupiter/assets/stylesheet/min/full-styles.6.1.69076.css]
[jdstrata.com.au/wp-content/themes/jupiter/assets/stylesheet/fonts/star/font.svg]
[jdstrata.com.au/wp-content/themes/jupiter/assets/stylesheet/fonts/woocommerce/font.svg]
[jdstrata.com.au/wp-content/themes/jupiter/header-builder/includes/assets/css/mkhb-renderc098.css]
[jdstrata.com.au/wp-content/themes/jupiter/header-builder/includes/assets/css/mkhb-rowc098.css]
[jdstrata.com.au/wp-content/themes/jupiter/header-builder/includes/assets/css/mkhb-columnc098.css]
[jdstrata.com.au/wp-content/plugins/js_composer_theme/assets/vc/alert.png]
[jdstrata.com.au/wp-content/plugins/js_composer_theme/assets/vc/info.png]
[jdstrata.com.au/wp-content/plugins/js_composer_theme/assets/vc/tick.png]
[jdstrata.com.au/wp-content/plugins/js_composer_theme/assets/vc/exclamation.png]
[jdstrata.com.au/wp-content/plugins/js_composer_theme/assets/images/icons/address-book.png]
[jdstrata.com.au/wp-content/plugins/js_composer_theme/assets/images/icons/alarm-clock.png]
[jdstrata.com.au/wp-content/plugins/js_composer_theme/assets/images/icons/anchor.png]
[jdstrata.com.au/wp-content/plugins/js_composer_theme/assets/images/icons/application-image.png]
[jdstrata.com.au/wp-content/plugins/js_composer_theme/assets/images/icons/arrow.png]
[jdstrata.com.au/wp-content/plugins/js_composer_theme/assets/images/icons/asterisk.png]
[jdstrata.com.au/wp-content/plugins/js_composer_theme/assets/images/icons/auction-hammer.png]
[jdstrata.com.au/wp-content/plugins/js_composer_theme/assets/images/icons/balloon.png]
[jdstrata.com.au/wp-content/plugins/js_composer_theme/assets/images/icons/balloon-buzz.png]
[jdstrata.com.au/wp-content/plugins/js_composer_theme/assets/images/icons/balloon-facebook.png]
[jdstrata.com.au/wp-content/plugins/js_composer_theme/assets/images/icons/balloon-twitter.png]
[jdstrata.com.au/wp-content/plugins/js_composer_theme/assets/images/icons/battery-full.png]
[jdstrata.com.au/wp-content/plugins/js_composer_theme/assets/images/icons/binocular.png]
[jdstrata.com.au/wp-content/plugins/js_composer_theme/assets/images/icons/blue-document-excel.png]
[jdstrata.com.au/wp-content/plugins/js_composer_theme/assets/images/icons/blue-document-image.png]
[jdstrata.com.au/wp-content/plugins/js_composer_theme/assets/images/icons/blue-document-music.png]
[jdstrata.com.au/wp-content/plugins/js_composer_theme/assets/images/icons/blue-document-office.png]
[jdstrata.com.au/wp-content/plugins/js_composer_theme/assets/images/icons/blue-document-pdf.png]
[jdstrata.com.au/wp-content/plugins/js_composer_theme/assets/images/icons/blue-document-powerpoint.png]
[jdstrata.com.au/wp-content/plugins/js_composer_theme/assets/images/icons/blue-document-word.png]
[jdstrata.com.au/wp-content/plugins/js_composer_theme/assets/images/icons/bookmark.png]
[jdstrata.com.au/wp-content/plugins/js_composer_theme/assets/images/icons/camcorder.png]
[jdstrata.com.au/wp-content/plugins/js_composer_theme/assets/images/icons/camera.png]
[jdstrata.com.au/wp-content/plugins/js_composer_theme/assets/images/icons/chart.png]
[jdstrata.com.au/wp-content/plugins/js_composer_theme/assets/images/icons/chart-pie.png]
[jdstrata.com.au/wp-content/plugins/js_composer_theme/assets/images/icons/clock.png]
[jdstrata.com.au/wp-content/plugins/js_composer_theme/assets/images/icons/control.png]
[jdstrata.com.au/wp-content/plugins/js_composer_theme/assets/images/icons/fire.png]
[jdstrata.com.au/wp-content/plugins/js_composer_theme/assets/images/icons/heart.png]
[jdstrata.com.au/wp-content/plugins/js_composer_theme/assets/images/icons/mail.png]
[jdstrata.com.au/wp-content/plugins/js_composer_theme/assets/images/icons/plus-shield.png]
[jdstrata.com.au/wp-content/plugins/js_composer_theme/assets/images/icons/video.png]
[jdstrata.com.au/wp-content/plugins/js_composer_theme/assets/fonts/vc_icons_v2/fonts/vcpb-plugin-iconsb82a.eot]
[jdstrata.com.au/wp-content/plugins/js_composer_theme/assets/fonts/vc_icons_v2/fonts/vcpb-plugin-iconsb82a.ttf]
[jdstrata.com.au/wp-content/plugins/js_composer_theme/assets/fonts/vc_icons_v2/fonts/vcpb-plugin-iconsb82a.woff]
[jdstrata.com.au/wp-content/plugins/js_composer_theme/assets/images/toggle_open.png]
[jdstrata.com.au/wp-content/plugins/js_composer_theme/assets/images/toggle_close.png]
[jdstrata.com.au/wp-content/plugins/js_composer_theme/assets/images/flickr.png]
[jdstrata.com.au/wp-content/plugins/js_composer_theme/assets/fonts/vc_grid/vc_grid_v157a1.eot]
[jdstrata.com.au/wp-content/plugins/js_composer_theme/assets/fonts/vc_grid/vc_grid_v1d41d.eot]
[jdstrata.com.au/wp-content/plugins/js_composer_theme/assets/fonts/vc_grid/vc_grid_v157a1.woff]
[jdstrata.com.au/wp-content/plugins/js_composer_theme/assets/fonts/vc_grid/vc_grid_v157a1.ttf]
[jdstrata.com.au/wp-content/plugins/js_composer_theme/assets/images/spinner.gif]
[jdstrata.com.au/wp-content/plugins/js_composer_theme/assets/vc/remove.png]
[jdstrata.com.au/wp-content/plugins/js_composer_theme/assets/css/js_composer.min24b2.css]
[jdstrata.com.au/wp-content/uploads/mk_assets/theme-options-production-16891453433325.css]
[jdstrata.com.au/wp-json/wp/v2/pages/60.json]
[jdstrata.com.au/wp-json/oembed/1.0/embed9089.json]
[jdstrata.com.au/index0721.html]
[jdstrata.com.au/wp-json/oembed/1.0/embede9d0]
[jdstrata.com.au/wp-content/uploads/bfi_thumb/dummy-transparent-oabig4e42cakerpms8cokjcnv97i7jd4whewi5r3pk.png]
[jdstrata.com.au/wp-content/uploads/2018/12/sca-member.png]
[jdstrata.com.au/wp-content/themes/jupiter/assets/images/shadow-divider.png]
[jdstrata.com.au/about/index.html]
[jdstrata.com.au/wp-json/wp/v2/pages/101.json]
[jdstrata.com.au/wp-json/oembed/1.0/embed0f2a.json]
[jdstrata.com.au/index198a.html]
[jdstrata.com.au/wp-json/oembed/1.0/embed16b0]
[jdstrata.com.au/wp-content/uploads/2023/08/screenshot-2023-08-20-at-4.43.44-pm-300x82.png]
[jdstrata.com.au/wp-content/uploads/2023/08/zoomus-ar21-300x150.png]
[jdstrata.com.au/our-services/index.html]
[jdstrata.com.au/wp-content/uploads/2023/08/strataconnect-300x195.webp]
[jdstrata.com.au/wp-json/wp/v2/pages/413.json]
[jdstrata.com.au/wp-json/oembed/1.0/embed86cb.json]
[jdstrata.com.au/our-fee-structure/index.html]
[jdstrata.com.au/wp-json/oembed/1.0/embed03c8]
[jdstrata.com.au/index672e.html]
[jdstrata.com.au/wp-json/wp/v2/pages/834.json]
[jdstrata.com.au/wp-json/oembed/1.0/embed6ed5.json]
[jdstrata.com.au/indexe9c6.html]
[jdstrata.com.au/developer-services/index.html]
[jdstrata.com.au/wp-json/oembed/1.0/embed7deb]
[jdstrata.com.au/wp-json/wp/v2/pages/839.json]
[jdstrata.com.au/wp-json/oembed/1.0/embede84f.json]
[jdstrata.com.au/indexce54.html]
[jdstrata.com.au/consultancy-services/index.html]
[jdstrata.com.au/wp-json/oembed/1.0/embed686c]
[jdstrata.com.au/wp-json/wp/v2/pages/351.json]
[jdstrata.com.au/indexec81.html]
[jdstrata.com.au/wp-json/oembed/1.0/embeda393.json]
[jdstrata.com.au/wp-json/oembed/1.0/embede8ac]
[www.google.com/recaptcha/api.js]
[jdstrata.com.au/request-a-quote/index.html]
[jdstrata.com.au/wp-json/wp/v2/pages/463.json]
[jdstrata.com.au/wp-json/oembed/1.0/embed65a2.json]
[jdstrata.com.au/indexbbbc.html]
[jdstrata.com.au/wp-json/oembed/1.0/embed8bd7]
[jdstrata.com.au/wp-content/uploads/2023/07/1.-welcome-pack-2023.pdf]
[jdstrata.com.au/wp-content/uploads/2020/05/schedule-1-2-bylaws.pdf]
[jdstrata.com.au/education/index.html]
[jdstrata.com.au/wp-json/wp/v2/pages/589.json]
[jdstrata.com.au/wp-json/oembed/1.0/embedb4fb.json]
[jdstrata.com.au/index4f61.html]
[jdstrata.com.au/wp-json/oembed/1.0/embed0acc]
[jdstrata.com.au/strata-reforms/index.html]
[jdstrata.com.au/wp-content/uploads/2020/09/img_0781.jpg]
[jdstrata.com.au/wp-json/wp/v2/pages/552.json]
[jdstrata.com.au/wp-json/oembed/1.0/embed0273.json]
[jdstrata.com.au/index5195.html]
[jdstrata.com.au/wp-json/oembed/1.0/embed94b7]
[jdstrata.com.au/wp-content/uploads/2020/05/032-recycling-100x100.png]
[jdstrata.com.au/wp-content/uploads/2020/05/034-sprout-1-100x100.png]
[jdstrata.com.au/wp-content/uploads/2020/05/009-layers-100x100.png]
[jdstrata.com.au/wp-content/uploads/2020/05/energy-efficiency-100x100.png]
[jdstrata.com.au/wp-content/uploads/2020/05/007-eco-house-100x100.png]
[jdstrata.com.au/our-services/sustainability-in-strata/index.html]
[jdstrata.com.au/wp-json/wp/v2/pages/139.json]
[jdstrata.com.au/wp-json/oembed/1.0/embedb840.json]
[jdstrata.com.au/indexb4d2.html]
[jdstrata.com.au/wp-json/oembed/1.0/embedc507]
[jdstrata.com.au/wp-content/uploads/2018/12/phone.jpg]
[jdstrata.com.au/emergency/index.html]
[jdstrata.com.au/wp-json/wp/v2/pages/128.json]
[jdstrata.com.au/wp-json/oembed/1.0/embedcae7.json]
[jdstrata.com.au/index913e.html]
[jdstrata.com.au/contractors/index.html]
[jdstrata.com.au/wp-json/oembed/1.0/embedeeb0]
[jdstrata.com.au/wp-json/wp/v2/pages/150.json]
[jdstrata.com.au/wp-json/oembed/1.0/embedbcbc.json]
[jdstrata.com.au/index56d6.html]
[jdstrata.com.au/faq/index.html]
[jdstrata.com.au/wp-json/oembed/1.0/embed2e64]
[jdstrata.com.au/faq/jdstrata.com.au/contact/index.html]
[jdstrata.com.au/wp-json/wp/v2/pages/235.json]
[jdstrata.com.au/wp-json/oembed/1.0/embed501c.json]
[jdstrata.com.au/index5f0f.html]
[jdstrata.com.au/wp-json/oembed/1.0/embed358a]
[jdstrata.com.au/wp-content/uploads/bfi_thumb/dummy-transparent-oabig4e2qjec4ufrfe0day04zk107kd0xct8k1e3qw.png]
[jdstrata.com.au/wp-content/uploads/2023/01/66-high-st-e1674984352446.jpg]
[jdstrata.com.au/wp-content/uploads/2023/05/henry.jpg]
[jdstrata.com.au/wp-content/uploads/2023/01/402-carrington1.jpg]
[jdstrata.com.au/wp-content/uploads/2023/05/l-mydesktop-9977547-10-scaled.jpg]
[jdstrata.com.au/wp-content/uploads/2019/01/342-south-terrace-03.jpg]
[jdstrata.com.au/wp-content/uploads/2019/01/westend-apartments-01.jpg]
[jdstrata.com.au/portfolio-posts/66-high-street/index.html]
[jdstrata.com.au/portfolio-posts/48-henry-street/index.html]
[jdstrata.com.au/wp-content/uploads/2022/09/26-morrit.jpg]
[jdstrata.com.au/wp-content/uploads/2022/09/2-riverside-rd-scaled.jpg]
[jdstrata.com.au/wp-content/uploads/2019/02/59-forsyth-street-03.jpg]
[jdstrata.com.au/wp-content/uploads/2023/01/75-phoenix.jpg]
[jdstrata.com.au/our-portfolio/index.html]
[jdstrata.com.au/portfolio-posts/402-carrington-street/index.html]
[jdstrata.com.au/portfolio-posts/14-lime-street/index.html]
[jdstrata.com.au/portfolio-posts/342-south-terrace/index.html]
[jdstrata.com.au/portfolio-posts/westend-apartments/index.html]
[jdstrata.com.au/portfolio-posts/26-morrit-way/index.html]
[jdstrata.com.au/wp-json/wp/v2/pages/781.json]
[jdstrata.com.au/portfolio-posts/2-riverside-road/index.html]
[jdstrata.com.au/portfolio-posts/59-forsyth-street/index.html]
[jdstrata.com.au/portfolio-posts/75-phoenix-road/index.html]
[jdstrata.com.au/wp-json/oembed/1.0/embed6fe2.json]
[jdstrata.com.au/index4aec.html]
[jdstrata.com.au/wp-json/oembed/1.0/embed6dd7]
[jdstrata.com.au/forms/index.html]
[jdstrata.com.au/wp-content/uploads/2022/11/schedule-of-standing-orders-applicable-to-general-meetings-of-the-strata-company.pdf]
[jdstrata.com.au/wp-content/plugins/wpforms/assets/css/frontend/classic/wpforms-full.minbefe.css]
[jdstrata.com.au/wp-json/wp/v2/pages/775.json]
[jdstrata.com.au/wp-json/oembed/1.0/embedd70a.json]
[jdstrata.com.au/index6289.html]
[jdstrata.com.au/wp-json/oembed/1.0/embed2bac]
[jdstrata.com.au/wp-content/plugins/wpforms/assets/pro/css/dropzone.min7404.css]
[jdstrata.com.au/wp-content/plugins/wpforms-signatures/assets/css/wpforms-signatures.min7d4c.css]
[jdstrata.com.au/wp-content/plugins/wpforms/assets/lib/jquery.timepicker/jquery.timepicker.min34e4.css]
[jdstrata.com.au/wp-content/plugins/wpforms/assets/lib/flatpickr/flatpickr.mina02c.css]
[jdstrata.com.au/wp-content/plugins/wpforms-signatures/assets/js/signature_pad.min95b8.js]
[jdstrata.com.au/wp-content/plugins/wpforms-signatures/assets/js/wpforms-signatures.min7d4c.js]
[jdstrata.com.au/wp-content/plugins/wpforms/assets/lib/jquery.validate.min7e9d.js]
[jdstrata.com.au/wp-content/plugins/wpforms/assets/lib/mailcheck.mincfa9.js]
[jdstrata.com.au/wp-content/plugins/wpforms/assets/lib/punycode.min8a54.js]
[jdstrata.com.au/wp-content/plugins/wpforms/assets/js/utils.minbefe.js]
[jdstrata.com.au/wp-content/plugins/wpforms/assets/js/wpforms.minbefe.js]
[jdstrata.com.au/wp-content/plugins/wpforms/assets/lib/flatpickr/flatpickr.mina02c.js]
[jdstrata.com.au/proxy-form-enduring/index.html]
[jdstrata.com.au/wp-content/plugins/wpforms/assets/lib/jquery.timepicker/jquery.timepicker.min34e4.js]
[jdstrata.com.au/wp-json/wp/v2/pages/788.json]
[jdstrata.com.au/indexc2d1.html]
[jdstrata.com.au/wp-json/oembed/1.0/embed5a49.json]
[jdstrata.com.au/proxy-form-one-off/index.html]
[jdstrata.com.au/wp-json/oembed/1.0/embed1124]
[jdstrata.com.au/wp-json/wp/v2/pages/814.json]
[jdstrata.com.au/wp-json/oembed/1.0/embed6a80.json]
[jdstrata.com.au/index3eda.html]
[jdstrata.com.au/council-nomination-form/index.html]
[jdstrata.com.au/wp-json/oembed/1.0/embed2586]
[jdstrata.com.au/wp-json/wp/v2/pages/601.json]
[jdstrata.com.au/wp-json/oembed/1.0/embedb341.json]
[jdstrata.com.au/indexbdc9.html]
[jdstrata.com.au/update-owner-information/index.html]
[jdstrata.com.au/wp-json/oembed/1.0/embed4539]
[jdstrata.com.au/wp-json/wp/v2/pages/762.json]
[jdstrata.com.au/wp-json/oembed/1.0/embed48f8.json]
[jdstrata.com.au/index272e.html]
[jdstrata.com.au/request-access-fob-remote/index.html]
[jdstrata.com.au/wp-json/oembed/1.0/embed90a3]
[jdstrata.com.au/wp-json/wp/v2/pages/245.json]
[jdstrata.com.au/wp-json/oembed/1.0/embedb3ef.json]
[jdstrata.com.au/indexe1a1.html]
[jdstrata.com.au/contact/index.html]
[jdstrata.com.au/jdstrata.com.au/our-services/index.html]
[jdstrata.com.au/wp-json/oembed/1.0/embed168a]
[jdstrata.com.au/wp-json/wp/v2/pages/712.json]
[jdstrata.com.au/contact/jdstrata.com.au/our-services/index.html]
[jdstrata.com.au/indexbf05.html]
[jdstrata.com.au/wp-json/oembed/1.0/embed6034.json]
[jdstrata.com.au/wp-json/oembed/1.0/embed4c85]
[jdstrata.com.au/wp-content/uploads/2022/09/26552100840_c8a7d163c9_k.jpg]
[jdstrata.com.au/wp-content/uploads/2022/09/33837866621_774e03e88d_k.jpg]
[jdstrata.com.au/sustainability-greenfleet-partnership/index.html]
[jdstrata.com.au/wp-json/oembed/1.0/embed277c.json]
[jdstrata.com.au/portfolio-posts/heirloom/feed/index.html]
[jdstrata.com.au/index8381.html]
[jdstrata.com.au/wp-json/oembed/1.0/embed9e6d]
[jdstrata.com.au/wp-content/uploads/bfi_thumb/dummy-transparent-oabig4ebdgxrb8mb99gy2ders7s2iqscmbyx8tglmw.png]
[jdstrata.com.au/wp-includes/js/comment-reply.min52c7.js]
[jdstrata.com.au/portfolio-posts/heirloom/index.html]
[jdstrata.com.au/wp-json/oembed/1.0/embed1fe6.json]
[jdstrata.com.au/portfolio-posts/56-pakenham-street/feed/index.html]
[jdstrata.com.au/indexc8fa.html]
[jdstrata.com.au/wp-json/oembed/1.0/embeda3af]
[jdstrata.com.au/wp-content/uploads/2019/01/56-pakenham-street-01.jpg]
[jdstrata.com.au/wp-content/uploads/bfi_thumb/dummy-transparent-oabig4e5a7300rvd757uom70wlf4vakusa02nk8bqo.png]
[jdstrata.com.au/wp-content/uploads/2019/01/56-pakenham-street-02.jpg]
[jdstrata.com.au/wp-content/uploads/2019/01/56-pakenham-street-03.jpg]
[jdstrata.com.au/wp-content/uploads/2019/01/56-pakenham-street-04.jpg]
[jdstrata.com.au/wp-content/uploads/2019/01/56-pakenham-street-05.jpg]
[jdstrata.com.au/portfolio-posts/56-pakenham-street/index.html]
[jdstrata.com.au/portfolio-posts/56-pakenham-street/jdstrata.com.au/our-services/index.html]
[jdstrata.com.au/wp-json/oembed/1.0/embeda080.json]
[jdstrata.com.au/portfolio-posts/32-henry-street/feed/index.html]
[jdstrata.com.au/indexb50d.html]
[jdstrata.com.au/wp-json/oembed/1.0/embedbeb0]
[jdstrata.com.au/wp-content/uploads/2019/01/32-henri-street-04.jpg]
[jdstrata.com.au/wp-content/uploads/2019/01/32-henry-street-02.jpg]
[jdstrata.com.au/wp-content/uploads/2019/01/32-henry-street-03.jpg]
[jdstrata.com.au/wp-content/uploads/2019/01/32-henry-street-05.jpg]
[jdstrata.com.au/portfolio-posts/32-henry-street/index.html]
[jdstrata.com.au/portfolio-posts/32-henry-street/jdstrata.com.au/our-services/index.html]
[jdstrata.com.au/wp-json/oembed/1.0/embed01d5.json]
[jdstrata.com.au/portfolio-posts/34-pakenham-street/feed/index.html]
[jdstrata.com.au/index9e8b.html]
[jdstrata.com.au/wp-json/oembed/1.0/embed6f24]
[jdstrata.com.au/wp-content/uploads/2019/01/34-pakenham-street-01.jpg]
[jdstrata.com.au/wp-content/uploads/2019/01/34-pakenham-street-03.jpg]
[jdstrata.com.au/wp-content/uploads/2019/01/34-pakenham-street-04.jpg]
[jdstrata.com.au/wp-content/uploads/2019/01/34-pakenham-street-05.jpg]
[jdstrata.com.au/portfolio-posts/34-pakenham-street/index.html]
[jdstrata.com.au/portfolio-posts/34-pakenham-street/jdstrata.com.au/our-services/index.html]
[jdstrata.com.au/wp-json/oembed/1.0/embedd057.json]
[jdstrata.com.au/portfolio-posts/arundel-court/feed/index.html]
[jdstrata.com.au/index8af0.html]
[jdstrata.com.au/wp-json/oembed/1.0/embed6267]
[jdstrata.com.au/wp-content/uploads/2019/01/arundel-court-01.jpg]
[jdstrata.com.au/wp-content/uploads/2019/01/arundel-court-03.jpg]
[jdstrata.com.au/wp-content/uploads/2019/01/arundel-court-04.jpg]
[jdstrata.com.au/wp-content/uploads/2019/01/arundel-court-05.jpg]
[jdstrata.com.au/wp-content/uploads/2019/01/arundel-court-06.jpg]
[jdstrata.com.au/wp-content/uploads/2019/01/arundel-court-07.jpg]
[jdstrata.com.au/wp-content/uploads/2019/01/arundel-court-08.jpg]
[jdstrata.com.au/wp-content/uploads/2019/01/arundel-court-09.jpg]
[jdstrata.com.au/portfolio-posts/arundel-court/index.html]
[jdstrata.com.au/portfolio-posts/arundel-court/jdstrata.com.au/our-services/index.html]
[jdstrata.com.au/wp-json/oembed/1.0/embed6a66.json]
[jdstrata.com.au/portfolio-posts/1-james-street/feed/index.html]
[jdstrata.com.au/indexeb91.html]
[jdstrata.com.au/wp-json/oembed/1.0/embed10bc]
[jdstrata.com.au/wp-content/uploads/2019/01/1-james-street-01.jpg]
[jdstrata.com.au/wp-content/uploads/2019/01/1-james-street-03.jpg]
[jdstrata.com.au/wp-content/uploads/2019/01/1-james-street-04.jpg]
[jdstrata.com.au/wp-content/uploads/2019/01/1-james-street-05.jpg]
[jdstrata.com.au/portfolio-posts/1-james-street/index.html]
[jdstrata.com.au/portfolio-posts/1-james-street/jdstrata.com.au/our-services/index.html]
[jdstrata.com.au/wp-json/oembed/1.0/embed0e93.json]
[jdstrata.com.au/portfolio-posts/733/feed/index.html]
[jdstrata.com.au/index2531.html]
[jdstrata.com.au/portfolio-posts/733/index.html]
[jdstrata.com.au/wp-json/oembed/1.0/embedf532]
[jdstrata.com.au/wp-json/oembed/1.0/embed3f2c.json]
[jdstrata.com.au/portfolio-posts/evermore/feed/index.html]
[jdstrata.com.au/index9848.html]
[jdstrata.com.au/wp-json/oembed/1.0/embed4766]
[jdstrata.com.au/wp-content/uploads/2022/09/evermore1-2.jpg]
[jdstrata.com.au/wp-content/uploads/2022/09/evermore2.jpg]
[jdstrata.com.au/portfolio-posts/evermore/index.html]
[jdstrata.com.au/portfolio-posts/backshall-village/feed/index.html]
[jdstrata.com.au/indexf3dd.html]
[jdstrata.com.au/wp-json/oembed/1.0/embedd0b6.json]
[jdstrata.com.au/wp-json/oembed/1.0/embed2c17]
[jdstrata.com.au/wp-content/uploads/2019/01/backshall-village-01.jpg]
[jdstrata.com.au/wp-content/uploads/2019/01/backshall-village-03.jpg]
[jdstrata.com.au/portfolio-posts/backshall-village/index.html]
[jdstrata.com.au/portfolio-posts/backshall-village/jdstrata.com.au/our-services/index.html]
[jdstrata.com.au/wp-json/oembed/1.0/embed401b.json]
[jdstrata.com.au/portfolio-posts/10-quarry-street/feed/index.html]
[jdstrata.com.au/indexc9c3.html]
[jdstrata.com.au/wp-json/oembed/1.0/embedc84e]
[jdstrata.com.au/wp-content/uploads/2022/09/quarry2.jpg]
[jdstrata.com.au/portfolio-posts/10-quarry-street/index.html]
[jdstrata.com.au/wp-json/oembed/1.0/embed5ebd.json]
[jdstrata.com.au/portfolio-posts/9-healy-road/feed/index.html]
[jdstrata.com.au/indexd89d.html]
[jdstrata.com.au/wp-json/oembed/1.0/embed835f]
[jdstrata.com.au/wp-content/uploads/2019/02/9-healy-road-05.jpg]
[jdstrata.com.au/wp-content/uploads/2019/02/9-healy-road-06.jpg]
[jdstrata.com.au/wp-content/uploads/2019/02/9-healy-road-08.jpg]
[jdstrata.com.au/wp-content/uploads/2019/02/9-healy-road-09.jpg]
[jdstrata.com.au/wp-content/uploads/2019/02/9-healy-road-10.jpg]
[jdstrata.com.au/portfolio-posts/9-healy-road/index.html]
[jdstrata.com.au/portfolio-posts/9-healy-road/jdstrata.com.au/our-services/index.html]
[jdstrata.com.au/wp-json/wp/v2/pages/695.json]
[jdstrata.com.au/wp-json/oembed/1.0/embed4ce6.json]
[jdstrata.com.au/index8fde.html]
[jdstrata.com.au/asbestos-survey/index.html]
[jdstrata.com.au/wp-content/plugins/wp-counter-up-pro/public/assets/css/wp-counter-up-public.min8a54.css]
[jdstrata.com.au/wp-json/oembed/1.0/embed1f97]
[jdstrata.com.au/wp-content/plugins/ultimate-form-builder/fonts/fontawesome-webfont5b62.svg]
[jdstrata.com.au/wp-content/plugins/ultimate-form-builder/images/mail-10.html]
[jdstrata.com.au/wp-content/plugins/ultimate-form-builder/images/loading.html]
[jdstrata.com.au/wp-content/themes/jupiter/images/social-icons/twitter-blue.html]
[jdstrata.com.au/wp-content/themes/jupiter/assets/stylesheet/add-icon.html]
[jdstrata.com.au/wp-content/themes/jupiter/assets/stylesheet/pin-icon.html]
[jdstrata.com.au/wp-content/plugins/js_composer_theme/assets/fonts/vc_icons_v2/fonts/vcpb-plugin-iconsb82a.svg]
[jdstrata.com.au/wp-content/plugins/js_composer_theme/assets/vc/blur.svg]
[jdstrata.com.au/wp-content/plugins/js_composer_theme/assets/fonts/vc_grid/vc_grid_v157a1.svg]
[jdstrata.com.au/index0721.html]
[jdstrata.com.au/index198a.html]
[jdstrata.com.au/index672e.html]
[jdstrata.com.au/indexe9c6.html]
[jdstrata.com.au/indexce54.html]
[jdstrata.com.au/indexec81.html]
[jdstrata.com.au/indexbbbc.html]
[jdstrata.com.au/index4f61.html]
[jdstrata.com.au/index5195.html]
[jdstrata.com.au/indexb4d2.html]
[jdstrata.com.au/index913e.html]
[jdstrata.com.au/index56d6.html]
[jdstrata.com.au/faq/jdstrata.com.au/contact/index.html]
[jdstrata.com.au/index5f0f.html]
[jdstrata.com.au/wp-json/oembed/1.0/embeddc55.json]
[jdstrata.com.au/portfolio-posts/66-high-street/feed/index.html]
[jdstrata.com.au/index049d.html]
[jdstrata.com.au/portfolio-posts/66-high-street/index.html]
[jdstrata.com.au/wp-json/oembed/1.0/embed6f39]
[jdstrata.com.au/wp-json/oembed/1.0/embed7537.json]
[jdstrata.com.au/indexb541.html]
[jdstrata.com.au/portfolio-posts/48-henry-street/feed/index.html]
[jdstrata.com.au/portfolio-posts/48-henry-street/index.html]
[jdstrata.com.au/wp-json/oembed/1.0/embed1171]
[jdstrata.com.au/wp-json/oembed/1.0/embed70e8.json]
[jdstrata.com.au/portfolio-posts/402-carrington-street/feed/index.html]
[jdstrata.com.au/indexc3f0.html]
[jdstrata.com.au/portfolio-posts/402-carrington-street/index.html]
[jdstrata.com.au/wp-json/oembed/1.0/embed363d]
[jdstrata.com.au/wp-json/oembed/1.0/embed9553.json]
[jdstrata.com.au/portfolio-posts/14-lime-street/feed/index.html]
[jdstrata.com.au/index3861.html]
[jdstrata.com.au/portfolio-posts/14-lime-street/index.html]
[jdstrata.com.au/wp-json/oembed/1.0/embed13ac]
[jdstrata.com.au/wp-json/oembed/1.0/embedb0ee.json]
[jdstrata.com.au/portfolio-posts/342-south-terrace/feed/index.html]
[jdstrata.com.au/indexd027.html]
[jdstrata.com.au/wp-json/oembed/1.0/embed7a7f]
[jdstrata.com.au/wp-content/uploads/2019/01/342-south-terrace-01.jpg]
[jdstrata.com.au/wp-content/uploads/2019/01/342-south-terrace-02.jpg]
[jdstrata.com.au/wp-content/uploads/2019/01/342-south-terrace-04.jpg]
[jdstrata.com.au/wp-content/uploads/2019/01/342-south-terrace-05.jpg]
[jdstrata.com.au/wp-content/uploads/2019/01/342-south-terrace-06.jpg]
[jdstrata.com.au/wp-content/uploads/2019/01/342-south-terrace-08.jpg]
[jdstrata.com.au/wp-content/uploads/2019/01/342-south-terrace-09.jpg]
[jdstrata.com.au/portfolio-posts/342-south-terrace/index.html]
[jdstrata.com.au/wp-json/oembed/1.0/embedb663.json]
[jdstrata.com.au/portfolio-posts/westend-apartments/feed/index.html]
[jdstrata.com.au/portfolio-posts/342-south-terrace/jdstrata.com.au/our-services/index.html]
[jdstrata.com.au/index6452.html]
[jdstrata.com.au/wp-json/oembed/1.0/embeda9b3]
[jdstrata.com.au/wp-content/uploads/2019/01/westend-apartments-02.jpg]
[jdstrata.com.au/wp-content/uploads/2019/01/westend-apartments-03.jpg]
[jdstrata.com.au/portfolio-posts/westend-apartments/index.html]
[jdstrata.com.au/portfolio-posts/westend-apartments/jdstrata.com.au/our-services/index.html]
[jdstrata.com.au/wp-json/oembed/1.0/embedb57d.json]
[jdstrata.com.au/portfolio-posts/26-morrit-way/feed/index.html]
[jdstrata.com.au/index664b.html]
[jdstrata.com.au/wp-json/oembed/1.0/embed5cc8]
[jdstrata.com.au/portfolio-posts/26-morrit-way/index.html]
[jdstrata.com.au/wp-content/uploads/2022/09/26morrit2.jpg]
[jdstrata.com.au/wp-json/oembed/1.0/embed65f3.json]
[jdstrata.com.au/portfolio-posts/2-riverside-road/feed/index.html]
[jdstrata.com.au/index5e3b.html]
[jdstrata.com.au/portfolio-posts/2-riverside-road/index.html]
[jdstrata.com.au/wp-json/oembed/1.0/embed5f73]
[jdstrata.com.au/portfolio-posts/59-forsyth-street/feed/index.html]
[jdstrata.com.au/wp-json/oembed/1.0/embed646c.json]
[jdstrata.com.au/index90dd.html]
[jdstrata.com.au/portfolio-posts/59-forsyth-street/index.html]
[jdstrata.com.au/wp-json/oembed/1.0/embed0639]
[jdstrata.com.au/portfolio-posts/59-forsyth-street/jdstrata.com.au/our-services/index.html]
[jdstrata.com.au/portfolio-posts/75-phoenix-road/feed/index.html]
[jdstrata.com.au/wp-json/oembed/1.0/embedbe62.json]
[jdstrata.com.au/indexd399.html]
[jdstrata.com.au/portfolio-posts/75-phoenix-road/index.html]
[jdstrata.com.au/index4aec.html]
[jdstrata.com.au/wp-json/oembed/1.0/embed6c62]
[jdstrata.com.au/wp-content/plugins/wpforms/assets/css/frontend/classic/wpforms-full.minbefe.css]
[jdstrata.com.au/index6289.html]
[jdstrata.com.au/wp-content/plugins/wpforms/assets/images/submit-spin.svg]
[jdstrata.com.au/wp-content/plugins/wpforms/assets/pro/css/dropzone.min7404.css]
[jdstrata.com.au/wp-content/plugins/wpforms-signatures/assets/css/wpforms-signatures.min7d4c.css]
[jdstrata.com.au/wp-content/plugins/wpforms/assets/lib/jquery.timepicker/jquery.timepicker.min34e4.css]
[jdstrata.com.au/wp-content/plugins/wpforms/assets/lib/flatpickr/flatpickr.mina02c.css]
[jdstrata.com.au/indexc2d1.html]
[jdstrata.com.au/index3eda.html]
[jdstrata.com.au/indexbdc9.html]
[jdstrata.com.au/index272e.html]
[jdstrata.com.au/indexe1a1.html]
[jdstrata.com.au/contact/jdstrata.com.au/our-services/index.html]
[jdstrata.com.au/indexbf05.html]
[jdstrata.com.au/index8381.html]
[jdstrata.com.au/indexc8fa.html]
[jdstrata.com.au/portfolio-posts/56-pakenham-street/jdstrata.com.au/our-services/index.html]
[jdstrata.com.au/wp-content/themes/jupiter/assets/images/grayscale.svg]
[jdstrata.com.au/indexb50d.html]
[jdstrata.com.au/portfolio-posts/32-henry-street/jdstrata.com.au/our-services/index.html]
[jdstrata.com.au/index9e8b.html]
[jdstrata.com.au/portfolio-posts/34-pakenham-street/jdstrata.com.au/our-services/index.html]
[jdstrata.com.au/index8af0.html]
[jdstrata.com.au/portfolio-posts/arundel-court/jdstrata.com.au/our-services/index.html]
[jdstrata.com.au/indexeb91.html]
[jdstrata.com.au/portfolio-posts/1-james-street/jdstrata.com.au/our-services/index.html]
[jdstrata.com.au/index2531.html]
[jdstrata.com.au/index9848.html]
[jdstrata.com.au/indexf3dd.html]
[jdstrata.com.au/portfolio-posts/backshall-village/jdstrata.com.au/our-services/index.html]
[jdstrata.com.au/indexc9c3.html]
[jdstrata.com.au/indexd89d.html]
[jdstrata.com.au/portfolio-posts/9-healy-road/jdstrata.com.au/our-services/index.html]
[jdstrata.com.au/index8fde.html]
[jdstrata.com.au/xmlrpc0db0.html]
[jdstrata.com.au/index049d.html]
[jdstrata.com.au/indexb541.html]
[jdstrata.com.au/indexc3f0.html]
[jdstrata.com.au/index3861.html]
[jdstrata.com.au/indexd027.html]
[jdstrata.com.au/portfolio-posts/342-south-terrace/jdstrata.com.au/our-services/index.html]
[jdstrata.com.au/index6452.html]
[jdstrata.com.au/portfolio-posts/westend-apartments/jdstrata.com.au/our-services/index.html]
[jdstrata.com.au/index664b.html]
[jdstrata.com.au/index5e3b.html]
[jdstrata.com.au/index90dd.html]
[jdstrata.com.au/portfolio-posts/59-forsyth-street/jdstrata.com.au/our-services/index.html]
[jdstrata.com.au/indexd399.html]
[jdstrata.com.au/wp-content/plugins/wpforms/assets/pro/images/times-solid-white.svg]
